[electema.tokotema.com/index.html]
[electema.tokotema.com/xmlrpc.php]
[backblue.gif]
[fade.gif]
[index.html]
[electema.tokotema.com/wp-content/plugins/jeg-elementor-kit/assets/css/elements/main61da.css]
[electema.tokotema.com/feed/index.html]
[electema.tokotema.com/wp-content/plugins/template-kit-export/public/assets/css/template-kit-export-public.min365c.css]
[electema.tokotema.com/comments/feed/index.html]
[electema.tokotema.com/wp-content/plugins/elementor/assets/css/frontend-lite.minaad7.css]
[electema.tokotema.com/wp-content/plugins/elementor/assets/lib/swiper/v8/css/swiper.min94a4.css]
[electema.tokotema.com/wp-content/uploads/elementor/css/post-186213.css]
[electema.tokotema.com/wp-content/uploads/elementor/css/post-770b0d.css]
[electema.tokotema.com/wp-content/plugins/romethemeform/widgets/assets/css/rtform_texte63c.css]
[electema.tokotema.com/wp-content/plugins/romethemeform/widgets/assets/css/rforme63c.css]
[electema.tokotema.com/wp-content/plugins/romethemeform/widgets/assets/css/spinner-loadinge63c.css]
[electema.tokotema.com/wp-content/plugins/romethemeform/widgets/assets/css/rform-selecte63c.css]
[electema.tokotema.com/wp-content/plugins/romethemeform/widgets/assets/css/rform-radiobuttone63c.css]
[electema.tokotema.com/wp-content/plugins/romethemeform/widgets/assets/css/rform-checkboxe63c.css]
[electema.tokotema.com/wp-content/plugins/romethemeform/widgets/assets/css/intlTelInpute63c.css]
[electema.tokotema.com/wp-content/themes/hello-elementor/style.min5b0a.css]
[electema.tokotema.com/wp-content/themes/hello-elementor/theme.min5b0a.css]
[electema.tokotema.com/wp-content/plugins/jeg-elementor-kit/assets/fonts/jkiticon/jkiticon61da.css]
[electema.tokotema.com/wp-includes/js/jquery/jquery.minf43b.js]
[electema.tokotema.com/wp-includes/js/jquery/jquery-migrate.min5589.js]
[electema.tokotema.com/wp-content/plugins/romethemeform/widgets/assets/js/rtform_textcfa9.js]
[electema.tokotema.com/wp-content/plugins/romethemeform/widgets/assets/js/rform_selectcfa9.js]
[electema.tokotema.com/wp-content/plugins/romethemeform/widgets/assets/js/rform_tel_inputcfa9.js]
[electema.tokotema.com/wp-content/plugins/romethemeform/widgets/assets/js/rformcfa9.js]
[electema.tokotema.com/wp-content/plugins/romethemeform/widgets/assets/js/intl_tel_input.mincfa9.js]
[electema.tokotema.com/wp-content/plugins/template-kit-export/public/assets/js/template-kit-export-public.min365c.js]
[electema.tokotema.com/wp-json/wp/v2/pages/77.json]
[electema.tokotema.com/wp-json/index.html]
[electema.tokotema.com/xmlrpc0db0.php]
[electema.tokotema.com/wp-json/oembed/1.0/embedc514.json]
[electema.tokotema.com/wp-json/oembed/1.0/embedd490]
[electema.tokotema.com/wp-content/plugins/elementor/assets/css/widget-icon-list.min.css]
[electema.tokotema.com/wp-content/uploads/2023/12/Logo-300x66.png]
[electema.tokotema.com/wp-content/uploads/2023/12/electricity-2023-11-27-05-06-32-utc-1.jpg]
[electema.tokotema.com/wp-content/uploads/2023/12/technician-worker-installing-solar-panels-at-solar-2023-11-27-05-27-55-utc-1.png]
[electema.tokotema.com/about-us/index.html]
[electema.tokotema.com/services/index.html]
[electema.tokotema.com/wp-content/uploads/2023/12/Logo-Client-1.png]
[electema.tokotema.com/wp-content/uploads/2023/12/Logo-Client-2-300x108.png]
[electema.tokotema.com/service-details/index.html]
[electema.tokotema.com/wp-content/uploads/2023/12/Logo-Client-3.png]
[electema.tokotema.com/projects/index.html]
[electema.tokotema.com/wp-content/uploads/2023/12/Logo-Client-4.png]
[electema.tokotema.com/team/index.html]
[electema.tokotema.com/wp-content/uploads/2023/12/Logo-Client-5.png]
[electema.tokotema.com/wp-content/uploads/2023/12/smiling-portrait-of-mechanical-technician-checking-2023-11-27-05-09-15-utc-1.png]
[electema.tokotema.com/pricing/index.html]
[electema.tokotema.com/wp-content/plugins/elementor/assets/css/widget-icon-box.min.css]
[electema.tokotema.com/wp-content/uploads/2023/12/Icon.png]
[electema.tokotema.com/contact-us/index.html]
[electema.tokotema.com/wp-content/uploads/2023/12/two-technicians-engineers-workers-holding-tablet-c-2023-11-27-05-14-08-utc-1-768x481.png]
[electema.tokotema.com/wp-content/uploads/2023/12/female-engineer-holding-laptop-checking-solar-pane-2023-11-27-04-51-11-utc-1.png]
[electema.tokotema.com/wp-content/uploads/2023/12/warehouse-engineer-working-at-container-yard-2023-11-27-05-11-58-utc-1.png]
[electema.tokotema.com/wp-content/uploads/2023/12/warehouse-engineer-working-at-container-yard-2023-11-27-05-15-37-utc-1.png]
[electema.tokotema.com/wp-content/uploads/2023/12/warehouse-engineer-working-at-container-yard-2023-11-27-05-14-03-utc-1.png]
[electema.tokotema.com/wp-content/uploads/2023/12/a-men-look-back-before-driving-2022-11-03-05-19-05-utc-1.jpg]
[electema.tokotema.com/wp-content/uploads/2023/12/asian-business-woman-working-in-laptop-on-sofa-ja-2022-11-15-22-14-30-utc-1.jpg]
[electema.tokotema.com/wp-content/uploads/2023/12/portrait-of-smiling-young-man-in-loft-apartment-2021-08-26-16-15-28-utc-1.jpg]
[electema.tokotema.com/wp-content/uploads/2023/12/woman-looking-at-the-camera-and-explain-something-2022-11-15-10-49-56-utc-1.jpg]
[electema.tokotema.com/wp-content/uploads/2023/12/happy-university-teacher-in-the-classroom-looking-2023-08-09-21-37-39-utc-1.jpg]
[electema.tokotema.com/wp-content/uploads/2023/12/portrait-of-a-asian-start-up-business-owner-looki-2023-08-09-21-37-13-utc-1.jpg]
[electema.tokotema.com/wp-content/uploads/elementor/css/post-876213.css]
[electema.tokotema.com/wp-content/plugins/jeg-elementor-kit/assets/js/tiny-slider/tiny-sliderf342.css]
[electema.tokotema.com/wp-content/uploads/elementor/css/post-956213.css]
[electema.tokotema.com/wp-content/uploads/elementor/css/post-1026213.css]
[electema.tokotema.com/wp-content/plugins/elementor/assets/lib/animations/animations.minaad7.css]
[electema.tokotema.com/wp-content/themes/hello-elementor/assets/js/hello-frontend.min8a54.js]
[electema.tokotema.com/wp-content/plugins/elementor/assets/js/webpack.runtime.minaad7.js]
[electema.tokotema.com/wp-content/plugins/elementor/assets/js/frontend-modules.minaad7.js]
[electema.tokotema.com/wp-content/plugins/elementor/assets/lib/waypoints/waypoints.min05da.js]
[electema.tokotema.com/wp-includes/js/jquery/ui/core.min3f14.js]
[electema.tokotema.com/wp-content/plugins/elementor/assets/js/frontend.minaad7.js]
[electema.tokotema.com/wp-content/plugins/jeg-elementor-kit/assets/js/elements/sticky-element61da.js]
[electema.tokotema.com/wp-content/plugins/jeg-elementor-kit/assets/js/elements/nav-menu61da.js]
[electema.tokotema.com/wp-content/plugins/jeg-elementor-kit/assets/js/elements/fun-fact61da.js]
[electema.tokotema.com/wp-content/plugins/jeg-elementor-kit/assets/js/elements/client-logo61da.js]
[electema.tokotema.com/wp-content/plugins/jeg-elementor-kit/assets/js/tiny-slider/tiny-sliderf342.js]
[electema.tokotema.com/wp-content/plugins/jeg-elementor-kit/assets/js/elements/accordion61da.js]
[electema.tokotema.com/index.html]
[electema.tokotema.com/xmlrpc.php]
[electema.tokotema.com/wp-content/plugins/jeg-elementor-kit/assets/img/letter-x.svg]
[electema.tokotema.com/wp-content/plugins/jeg-elementor-kit/assets/css/elements/main61da.css]
[electema.tokotema.com/wp-content/plugins/template-kit-export/public/assets/css/template-kit-export-public.min365c.css]
[electema.tokotema.com/wp-content/plugins/elementor/assets/css/frontend-lite.minaad7.css]
[electema.tokotema.com/wp-content/plugins/elementor/assets/lib/swiper/v8/css/swiper.min94a4.css]
[electema.tokotema.com/wp-content/uploads/elementor/css/post-186213.css]
[electema.tokotema.com/wp-content/uploads/2023/12/Elipse-Background-1.png]
[electema.tokotema.com/wp-content/uploads/2023/12/Elipse-Background-2.png]
[electema.tokotema.com/wp-content/uploads/2023/12/cables-with-wires-in-electrical-device-2023-11-27-05-05-38-utc-1.jpg]
[electema.tokotema.com/wp-content/uploads/elementor/css/post-770b0d.css]
[electema.tokotema.com/wp-content/plugins/romethemeform/widgets/assets/css/rtform_texte63c.css]
[electema.tokotema.com/wp-content/plugins/romethemeform/widgets/assets/css/rforme63c.css]
[electema.tokotema.com/wp-content/plugins/romethemeform/widgets/assets/css/spinner-loadinge63c.css]
[electema.tokotema.com/wp-content/plugins/romethemeform/widgets/assets/css/rform-buttone63c.css]
[electema.tokotema.com/wp-content/plugins/romethemeform/widgets/assets/css/rform-selecte63c.css]
[electema.tokotema.com/wp-content/plugins/romethemeform/widgets/assets/css/rform-radiobuttone63c.css]
[electema.tokotema.com/wp-content/plugins/romethemeform/widgets/assets/css/rform-checkboxe63c.css]
[electema.tokotema.com/wp-content/plugins/romethemeform/widgets/assets/img/flagsc4ca.png]
[electema.tokotema.com/wp-content/plugins/romethemeform/widgets/assets/img/flags@2xc4ca.png]
[electema.tokotema.com/wp-content/plugins/romethemeform/widgets/assets/css/intlTelInpute63c.css]
[electema.tokotema.com/wp-content/themes/hello-elementor/style.min5b0a.css]
[electema.tokotema.com/wp-content/themes/hello-elementor/theme.min5b0a.css]
[electema.tokotema.com/wp-content/plugins/jeg-elementor-kit/assets/fonts/jkiticon/jkiticon7107.eot]
[electema.tokotema.com/wp-content/plugins/jeg-elementor-kit/assets/fonts/jkiticon/jkiticon7107.woff2]
[electema.tokotema.com/wp-content/plugins/jeg-elementor-kit/assets/fonts/jkiticon/jkiticon7107.woff]
[electema.tokotema.com/wp-content/plugins/jeg-elementor-kit/assets/fonts/jkiticon/jkiticon7107.ttf]
[electema.tokotema.com/wp-content/plugins/jeg-elementor-kit/assets/fonts/jkiticon/jkiticon61da.css]
[electema.tokotema.com/wp-content/plugins/elementor/assets/css/widget-icon-list.min.css]
[electema.tokotema.com/wp-content/uploads/elementor/css/post-1694439.css]
[electema.tokotema.com/wp-content/plugins/jeg-elementor-kit/assets/fonts/jkiticon/jkiticon7107.svg]
[electema.tokotema.com/wp-json/oembed/1.0/embed6852.json]
[electema.tokotema.com/wp-json/wp/v2/pages/169.json]
[electema.tokotema.com/wp-json/oembed/1.0/embed80f7]
[electema.tokotema.com/wp-content/uploads/2023/12/confident-advisor-2023-11-27-05-11-30-utc-1.png]
[electema.tokotema.com/wp-content/uploads/2023/12/happy-smiling-businessman-smiling-being-confident-2023-11-27-05-34-24-utc-1.png]
[electema.tokotema.com/wp-content/uploads/2023/12/happy-confident-senior-asian-businesswoman-standin-2023-11-27-05-28-57-utc-1.png]
[electema.tokotema.com/wp-content/uploads/2023/12/smiling-confident-mature-businessman-looking-at-ca-2023-11-27-05-12-02-utc-1.png]
[electema.tokotema.com/wp-content/uploads/2023/12/electricity-2023-11-27-05-06-32-utc-2.jpg]
[electema.tokotema.com/about-us/index.html]
[electema.tokotema.com/wp-content/plugins/jeg-elementor-kit/assets/js/elements/progress-bar61da.js]
[electema.tokotema.com/wp-content/uploads/elementor/css/post-2072e2b.css]
[electema.tokotema.com/wp-json/wp/v2/pages/207.json]
[electema.tokotema.com/wp-json/oembed/1.0/embed1fac.json]
[electema.tokotema.com/wp-json/oembed/1.0/embed1c33]
[electema.tokotema.com/wp-content/uploads/2023/12/female-engineer-holding-laptop-checking-solar-pane-2023-11-27-05-25-37-utc-1.png]
[electema.tokotema.com/wp-content/uploads/2023/12/electrical-engineer-working-in-control-room-2023-11-27-05-02-46-utc-1.jpg]
[electema.tokotema.com/wp-content/uploads/2023/12/men-s-hands-close-up-installation-of-an-electric-2023-11-27-05-28-17-utc-1.jpg]
[electema.tokotema.com/wp-content/uploads/2023/12/a-bunch-of-smart-home-devices-2023-11-27-04-53-22-utc-1.jpg]
[electema.tokotema.com/wp-content/uploads/2023/12/male-hand-holding-stripped-wires-of-ethernet-cable-2023-11-27-05-11-06-utc-1.jpg]
[electema.tokotema.com/wp-content/uploads/2023/12/electric-light-point-installing-2023-11-27-05-26-07-utc-1.jpg]
[electema.tokotema.com/wp-content/uploads/2023/12/residential-electric-breakers-panel-2023-11-27-05-18-50-utc-1.jpg]
[electema.tokotema.com/services/index.html]
[electema.tokotema.com/wp-content/uploads/elementor/css/post-240bc08.css]
[electema.tokotema.com/wp-json/wp/v2/pages/240.json]
[electema.tokotema.com/wp-json/oembed/1.0/embed7188.json]
[electema.tokotema.com/wp-json/oembed/1.0/embed3f0d]
[electema.tokotema.com/wp-content/uploads/2023/12/industrial-engineer-work-on-site-engineer-visit-a-2023-11-27-05-36-02-utc-1.jpg]
[electema.tokotema.com/wp-content/uploads/2023/12/professional-electrician-in-uniform-is-installing-2023-11-27-04-52-43-utc-1.jpg]
[electema.tokotema.com/wp-content/uploads/2023/12/close-up-of-professional-electrician-worker-with-s-2023-11-27-04-53-14-utc-1.jpg]
[electema.tokotema.com/wp-content/uploads/2023/12/smiling-professional-electrician-worker-in-uniform-2023-11-27-04-53-06-utc-1.jpg]
[electema.tokotema.com/wp-content/uploads/2023/12/male-technician-in-uniform-with-screwdriver-repair-2023-11-27-05-13-15-utc-1.jpg]
[electema.tokotema.com/wp-content/uploads/2023/12/engineer-working-setup-solar-panel-at-the-roof-top-2023-11-27-04-57-12-utc-1.png]
[electema.tokotema.com/service-details/index.html]
[electema.tokotema.com/wp-content/uploads/elementor/css/post-294263a.css]
[electema.tokotema.com/wp-json/wp/v2/pages/294.json]
[electema.tokotema.com/wp-json/oembed/1.0/embed7918.json]
[electema.tokotema.com/wp-json/oembed/1.0/embed456b]
[electema.tokotema.com/wp-content/uploads/2023/12/handyman-replacing-lightbulb-at-home-2023-11-27-05-27-34-utc-1.jpg]
[electema.tokotema.com/wp-content/uploads/2023/12/setting-up-data-center-2023-11-27-05-34-39-utc-1.jpg]
[electema.tokotema.com/wp-content/uploads/2023/12/technicians-installing-photovoltaic-solar-panels-o-2023-11-27-05-01-38-utc-1.jpg]
[electema.tokotema.com/wp-content/uploads/2023/12/a-bunch-of-smart-home-devices-2023-11-27-04-53-22-utc-2.jpg]
[electema.tokotema.com/wp-content/uploads/2023/12/professional-electrician-in-uniform-is-installing-2023-11-27-04-52-43-utc-2.jpg]
[electema.tokotema.com/wp-content/uploads/2023/12/close-up-of-professional-electrician-worker-with-s-2023-11-27-04-53-14-utc-2.jpg]
[electema.tokotema.com/wp-content/uploads/2023/12/smiling-professional-electrician-worker-in-uniform-2023-11-27-04-53-06-utc-2.jpg]
[electema.tokotema.com/wp-content/uploads/2023/12/male-technician-in-uniform-with-screwdriver-repair-2023-11-27-05-13-15-utc-2.jpg]
[electema.tokotema.com/wp-content/uploads/2023/12/close-up-of-electrician-worker-in-uniform-is-insta-2023-11-27-05-32-39-utc-1.jpg]
[electema.tokotema.com/wp-content/uploads/2023/12/professional-electrician-worker-in-uniform-is-inst-2023-11-27-04-49-30-utc-1.jpg]
[electema.tokotema.com/projects/index.html]
[electema.tokotema.com/wp-content/uploads/elementor/css/post-334758a.css]
[electema.tokotema.com/wp-json/wp/v2/pages/334.json]
[electema.tokotema.com/wp-json/oembed/1.0/embed9534.json]
[electema.tokotema.com/team/index.html]
[electema.tokotema.com/wp-json/oembed/1.0/embed0234]
[electema.tokotema.com/wp-content/uploads/elementor/css/post-360f96b.css]
[electema.tokotema.com/wp-json/wp/v2/pages/360.json]
[electema.tokotema.com/wp-json/oembed/1.0/embed149b.json]
[electema.tokotema.com/pricing/index.html]
[electema.tokotema.com/wp-json/oembed/1.0/embed031f]
[electema.tokotema.com/wp-content/uploads/elementor/css/post-37731ec.css]
[electema.tokotema.com/wp-json/wp/v2/pages/377.json]
[electema.tokotema.com/wp-json/oembed/1.0/embed80f8.json]
[electema.tokotema.com/wp-json/oembed/1.0/embed9936]
[electema.tokotema.com/wp-content/uploads/elementor/css/post-3836b2a.css]
[electema.tokotema.com/contact-us/index.html]
[electema.tokotema.com/wp-content/plugins/elementor/assets/css/widget-icon-box.min.css]
[electema.tokotema.com/wp-content/plugins/jeg-elementor-kit/lib/jeg-framework/assets/css/jeg-dynamic-styles6f3e.css]
[electema.tokotema.com/wp-content/uploads/elementor/css/post-876213.css]
[electema.tokotema.com/wp-content/plugins/jeg-elementor-kit/assets/js/tiny-slider/tiny-sliderf342.css]
[electema.tokotema.com/wp-content/uploads/elementor/css/post-956213.css]
[electema.tokotema.com/wp-content/uploads/elementor/css/post-1026213.css]
[electema.tokotema.com/wp-content/plugins/elementor/assets/lib/animations/animations.minaad7.css]
[electema.tokotema.com/indexe2f2.html]
[electema.tokotema.com/wp-content/plugins/jeg-elementor-kit/assets/img/letter-x.svg]
[electema.tokotema.com/wp-content/plugins/jeg-elementor-kit/assets/fonts/jkiticon/jkiticon7107.svg]
[electema.tokotema.com/wp-content/uploads/elementor/css/post-1694439.css]
[electema.tokotema.com/indexff23.html]
[electema.tokotema.com/wp-content/uploads/2023/12/electricity-2023-11-27-05-06-32-utc-3.jpg]
[electema.tokotema.com/wp-content/uploads/elementor/css/post-2072e2b.css]
[electema.tokotema.com/indexeb91.html]
[electema.tokotema.com/wp-content/uploads/2023/12/male-hand-holding-stripped-wires-of-ethernet-cable-2023-11-27-05-11-06-utc-2.jpg]
[electema.tokotema.com/wp-content/uploads/elementor/css/post-240bc08.css]
[electema.tokotema.com/indexcfe0.html]
[electema.tokotema.com/wp-content/uploads/2023/12/setting-up-data-center-2023-11-27-05-34-39-utc-2.jpg]
[electema.tokotema.com/wp-content/uploads/elementor/css/post-294263a.css]
[electema.tokotema.com/indexe2aa.html]
[electema.tokotema.com/wp-content/uploads/2023/12/residential-electric-breakers-panel-2023-11-27-05-18-50-utc-2.jpg]
[electema.tokotema.com/wp-content/uploads/2023/12/Elipse-Line-Blue.png]
[electema.tokotema.com/wp-content/uploads/2023/12/Elipse-Line-Gray.png]
[electema.tokotema.com/wp-content/uploads/elementor/css/post-334758a.css]
[electema.tokotema.com/indexd06c.html]
[electema.tokotema.com/wp-content/uploads/2023/12/men-s-hands-close-up-installation-of-an-electric-2023-11-27-05-28-17-utc-2.jpg]
[electema.tokotema.com/wp-content/uploads/elementor/css/post-360f96b.css]
[electema.tokotema.com/index4c85.html]
[electema.tokotema.com/wp-content/uploads/2023/12/handyman-replacing-lightbulb-at-home-2023-11-27-05-27-34-utc-2.jpg]
[electema.tokotema.com/wp-content/uploads/2023/12/Elipse-BG.png]
[electema.tokotema.com/wp-content/uploads/elementor/css/post-37731ec.css]
[electema.tokotema.com/indexa7ab.html]
[electema.tokotema.com/wp-content/uploads/elementor/css/post-3836b2a.css]
